Archive member included because of file (symbol)

/data/programme/avr32_gcc/avr32-tools/bin/../lib/gcc/avr32/4.4.3/ucr3fp/libgcc.a(_udivdi3.o)
                              src/main.o (__avr32_udiv64)
/data/programme/avr32_gcc/avr32-tools/bin/../lib/gcc/avr32/4.4.3/../../../../avr32/lib/ucr3fp/libc.a(lib_a-memcpy.o)
                              src/Asf/ASF/avr32/drivers/flashc/flashc.o (memcpy)
/data/programme/avr32_gcc/avr32-tools/bin/../lib/gcc/avr32/4.4.3/../../../../avr32/lib/ucr3fp/libc.a(lib_a-sprintf.o)
                              src/main.o (sprintf)
/data/programme/avr32_gcc/avr32-tools/bin/../lib/gcc/avr32/4.4.3/../../../../avr32/lib/ucr3fp/libc.a(lib_a-vfprintf.o)
                              /data/programme/avr32_gcc/avr32-tools/bin/../lib/gcc/avr32/4.4.3/../../../../avr32/lib/ucr3fp/libc.a(lib_a-sprintf.o) (_vfprintf_r)
/data/programme/avr32_gcc/avr32-tools/bin/../lib/gcc/avr32/4.4.3/../../../../avr32/lib/ucr3fp/libc.a(lib_a-wsetup.o)
                              /data/programme/avr32_gcc/avr32-tools/bin/../lib/gcc/avr32/4.4.3/../../../../avr32/lib/ucr3fp/libc.a(lib_a-vfprintf.o) (__swsetup_r)
/data/programme/avr32_gcc/avr32-tools/bin/../lib/gcc/avr32/4.4.3/../../../../avr32/lib/ucr3fp/libc.a(lib_a-dtoa.o)
                              /data/programme/avr32_gcc/avr32-tools/bin/../lib/gcc/avr32/4.4.3/../../../../avr32/lib/ucr3fp/libc.a(lib_a-vfprintf.o) (_dtoa_r)
/data/programme/avr32_gcc/avr32-tools/bin/../lib/gcc/avr32/4.4.3/../../../../avr32/lib/ucr3fp/libc.a(lib_a-fflush.o)
                              /data/programme/avr32_gcc/avr32-tools/bin/../lib/gcc/avr32/4.4.3/../../../../avr32/lib/ucr3fp/libc.a(lib_a-vfprintf.o) (_fflush_r)
/data/programme/avr32_gcc/avr32-tools/bin/../lib/gcc/avr32/4.4.3/../../../../avr32/lib/ucr3fp/libc.a(lib_a-findfp.o)
                              /data/programme/avr32_gcc/avr32-tools/bin/../lib/gcc/avr32/4.4.3/../../../../avr32/lib/ucr3fp/libc.a(lib_a-vfprintf.o) (__sinit)
/data/programme/avr32_gcc/avr32-tools/bin/../lib/gcc/avr32/4.4.3/../../../../avr32/lib/ucr3fp/libc.a(lib_a-freer.o)
                              /data/programme/avr32_gcc/avr32-tools/bin/../lib/gcc/avr32/4.4.3/../../../../avr32/lib/ucr3fp/libc.a(lib_a-wsetup.o) (_free_r)
/data/programme/avr32_gcc/avr32-tools/bin/../lib/gcc/avr32/4.4.3/../../../../avr32/lib/ucr3fp/libc.a(lib_a-fvwrite.o)
                              /data/programme/avr32_gcc/avr32-tools/bin/../lib/gcc/avr32/4.4.3/../../../../avr32/lib/ucr3fp/libc.a(lib_a-vfprintf.o) (__sfvwrite_r)
/data/programme/avr32_gcc/avr32-tools/bin/../lib/gcc/avr32/4.4.3/../../../../avr32/lib/ucr3fp/libc.a(lib_a-fwalk.o)
                              /data/programme/avr32_gcc/avr32-tools/bin/../lib/gcc/avr32/4.4.3/../../../../avr32/lib/ucr3fp/libc.a(lib_a-fflush.o) (_fwalk_reent)
/data/programme/avr32_gcc/avr32-tools/bin/../lib/gcc/avr32/4.4.3/../../../../avr32/lib/ucr3fp/libc.a(lib_a-impure.o)
                              /data/programme/avr32_gcc/avr32-tools/bin/../lib/gcc/avr32/4.4.3/../../../../avr32/lib/ucr3fp/libc.a(lib_a-sprintf.o) (_impure_ptr)
/data/programme/avr32_gcc/avr32-tools/bin/../lib/gcc/avr32/4.4.3/../../../../avr32/lib/ucr3fp/libc.a(lib_a-locale.o)
                              /data/programme/avr32_gcc/avr32-tools/bin/../lib/gcc/avr32/4.4.3/../../../../avr32/lib/ucr3fp/libc.a(lib_a-vfprintf.o) (_localeconv_r)
/data/programme/avr32_gcc/avr32-tools/bin/../lib/gcc/avr32/4.4.3/../../../../avr32/lib/ucr3fp/libc.a(lib_a-makebuf.o)
                              /data/programme/avr32_gcc/avr32-tools/bin/../lib/gcc/avr32/4.4.3/../../../../avr32/lib/ucr3fp/libc.a(lib_a-wsetup.o) (__smakebuf_r)
/data/programme/avr32_gcc/avr32-tools/bin/../lib/gcc/avr32/4.4.3/../../../../avr32/lib/ucr3fp/libc.a(lib_a-malloc.o)
                              /data/programme/avr32_gcc/avr32-tools/bin/../lib/gcc/avr32/4.4.3/../../../../avr32/lib/ucr3fp/libc.a(lib_a-dtoa.o) (malloc)
/data/programme/avr32_gcc/avr32-tools/bin/../lib/gcc/avr32/4.4.3/../../../../avr32/lib/ucr3fp/libc.a(lib_a-mallocr.o)
                              /data/programme/avr32_gcc/avr32-tools/bin/../lib/gcc/avr32/4.4.3/../../../../avr32/lib/ucr3fp/libc.a(lib_a-findfp.o) (_malloc_r)
/data/programme/avr32_gcc/avr32-tools/bin/../lib/gcc/avr32/4.4.3/../../../../avr32/lib/ucr3fp/libc.a(lib_a-memchr.o)
                              /data/programme/avr32_gcc/avr32-tools/bin/../lib/gcc/avr32/4.4.3/../../../../avr32/lib/ucr3fp/libc.a(lib_a-vfprintf.o) (memchr)
/data/programme/avr32_gcc/avr32-tools/bin/../lib/gcc/avr32/4.4.3/../../../../avr32/lib/ucr3fp/libc.a(lib_a-memmove.o)
                              /data/programme/avr32_gcc/avr32-tools/bin/../lib/gcc/avr32/4.4.3/../../../../avr32/lib/ucr3fp/libc.a(lib_a-fvwrite.o) (memmove)
/data/programme/avr32_gcc/avr32-tools/bin/../lib/gcc/avr32/4.4.3/../../../../avr32/lib/ucr3fp/libc.a(lib_a-memset.o)
[...]
Memory Configuration

Name             Origin             Length             Attributes
FLASH            0x80000000         0x00010000         axrl !w
CPUSRAM          0x00000004         0x00003ffc         axw !rl
USERPAGE         0x80800000         0x00000200
FACTORYPAGE      0x80800200         0x00000200
FLASHVAULT_FLASH_SIZE 0x80800400         0x00000008         r
FLASHVAULT_RAM_SIZE 0x80800408         0x00000008         r
*default*        0x00000000         0xffffffff

Linker script and memory map

                0x00001000                _stack_size = 0x1000
LOAD src/main.o
LOAD src/Port/Port.o
LOAD src/Port/Port_Lcfg.o
LOAD src/Dio/Dio.o
LOAD src/Dio/Dio_Lcfg.o
LOAD src/Asf/asf.o
LOAD src/Asf/ASF/common/services/serial/usart_serial.o
LOAD src/Asf/ASF/common/services/clock/uc3c/pll.o
LOAD src/Asf/ASF/common/services/clock/uc3c/osc.o
LOAD src/Asf/ASF/common/services/clock/uc3c/sysclk.o
LOAD src/Asf/ASF/avr32/drivers/intc/intc.o
LOAD src/Asf/ASF/avr32/drivers/usart/usart.o
LOAD src/Asf/ASF/avr32/drivers/scif/scif_uc3c.o
LOAD src/Asf/ASF/avr32/drivers/flashc/flashc.o
LOAD src/Asf/ASF/avr32/drivers/pm/pm_uc3c.o
LOAD src/Asf/ASF/avr32/drivers/pm/power_clocks_lib.o
LOAD src/Asf/ASF/avr32/drivers/usbc/usbc_device.o
LOAD src/Asf/ASF/common/services/sleepmgr/uc3/sleepmgr.o
LOAD src/Asf/ASF/common/services/usb/class/hid/device/udi_hid.o
LOAD src/Asf/ASF/common/services/usb/class/hid/device/generic/udi_hid_generic.o
LOAD src/Asf/ASF/common/services/usb/class/hid/device/generic/udi_hid_generic_desc.o
LOAD src/Asf/ASF/common/services/usb/udc/udc.o
LOAD src/Asf/ASF/avr32/drivers/intc/exception.o
LOAD src/Asf/ASF/avr32/utils/startup/trampoline_uc3.o
LOAD src/Asf/ASF/avr32/utils/startup/startup_uc3.o
START GROUP
LOAD /data/programme/avr32_gcc/avr32-tools/bin/../lib/gcc/avr32/4.4.3/../../../../avr32/lib/ucr3fp/libm.a
END GROUP
LOAD /data/programme/avr32_gcc/avr32-tools/bin/../lib/gcc/avr32/4.4.3/ucr3fp/libgcc.a
LOAD /data/programme/avr32_gcc/avr32-tools/bin/../lib/gcc/avr32/4.4.3/../../../../avr32/lib/ucr3fp/libc.a
LOAD /data/programme/avr32_gcc/avr32-tools/bin/../lib/gcc/avr32/4.4.3/ucr3fp/libgcc.a
                0x80000000                PROVIDE (__executable_start, 0x80000000)
                0x80000000                . = 0x80000000

.interp
 *(.interp)

.reset          0x80000000     0x2004
 *(.reset)
 .reset         0x80000000     0x2004 src/Asf/ASF/avr32/utils/startup/trampoline_uc3.o
                               0x2008 (size before relaxing)
                0x80000000                _trampoline

.hash
 *(.hash)

.dynsym
 *(.dynsym)

.dynstr
 *(.dynstr)

.gnu.version
 *(.gnu.version)

.gnu.version_d
 *(.gnu.version_d)

.gnu.version_r
 *(.gnu.version_r)

.rel.init
 *(.rel.init)

.rela.init
 *(.rela.init)

.rel.text
 *(.rel.text .rel.text.* .rel.gnu.linkonce.t.*)

.rela.text
 *(.rela.text .rela.text.* .rela.gnu.linkonce.t.*)

.rel.fini
 *(.rel.fini)

.rela.fini
 *(.rela.fini)

.rel.rodata
 *(.rel.rodata .rel.rodata.* .rel.gnu.linkonce.r.*)

.rela.rodata
 *(.rela.rodata .rela.rodata.* .rela.gnu.linkonce.r.*)

.rel.data.rel.ro
 *(.rel.data.rel.ro*)

.rela.data.rel.ro
 *(.rel.data.rel.ro*)

.rel.data
 *(.rel.data .rel.data.* .rel.gnu.linkonce.d.*)

.rela.data
 *(.rela.data .rela.data.* .rela.gnu.linkonce.d.*)

.rel.tdata
 *(.rel.tdata .rel.tdata.* .rel.gnu.linkonce.td.*)

.rela.tdata
 *(.rela.tdata .rela.tdata.* .rela.gnu.linkonce.td.*)

.rel.tbss
 *(.rel.tbss .rel.tbss.* .rel.gnu.linkonce.tb.*)

.rela.tbss
 *(.rela.tbss .rela.tbss.* .rela.gnu.linkonce.tb.*)

.rel.ctors
 *(.rel.ctors)

.rela.ctors
 *(.rela.ctors)

.rel.dtors
 *(.rel.dtors)

.rela.dtors
 *(.rela.dtors)

.rel.got
 *(.rel.got)

.rela.got       0x80002004        0x0
 *(.rela.got)
 .rela.got      0x80002004        0x0 src/Asf/ASF/avr32/drivers/flashc/flashc.o

.rel.bss
 *(.rel.bss .rel.bss.* .rel.gnu.linkonce.b.*)

.rela.bss
 *(.rela.bss .rela.bss.* .rela.gnu.linkonce.b.*)

.rel.plt
 *(.rel.plt)

.rela.plt
 *(.rela.plt)

.init
 *(.init)

.plt
 *(.plt)

.text           0x80002004     0x85fe
 *(.text .stub .text.* .gnu.linkonce.t.*)
 .text.main     0x80002004       0xb0 src/main.o
                                 0xcc (size before relaxing)
                0x80002004                main
 .text          0x800020b4      0x430 src/Port/Port.o
                0x800020b4                Port_RegisterAdress_as
 .text.Port_Init
                0x800024e4      0x418 src/Port/Port.o
                                0x428 (size before relaxing)
                0x800024e4                Port_Init
 .text          0x800028fc      0x5c0 src/Port/Port_Lcfg.o
                0x800028fc                Port_InitialConfiguration_s
 .text.Port_GetLcfgData
                0x80002ebc        0x8 src/Port/Port_Lcfg.o
                0x80002ebc                Port_GetLcfgData
 .text          0x80002ec4       0xd0 src/Dio/Dio.o
                0x80002ec4                Dio_RegisterAdress_as
 .text.Dio_Init
                0x80002f94        0x2 src/Dio/Dio.o
                0x80002f94                Dio_Init
 *fill*         0x80002f96        0x2 d703d703
 .text.Dio_WriteChannel
                0x80002f98       0x44 src/Dio/Dio.o
                                 0x48 (size before relaxing)
                0x80002f98                Dio_WriteChannel
 .text.sysclk_enable_pba_module
                0x80002fdc        0xc src/Asf/asf.o
                                 0x10 (size before relaxing)
 .text.Asf_Init
                0x80002fe8       0x48 src/Asf/asf.o
                                 0x64 (size before relaxing)
                0x80002fe8                Asf_Init
 .text.pll_enable
                0x80003030       0x28 src/Asf/ASF/common/services/clock/uc3c/pll.o
                0x80003030                pll_enable
 .text.osc_priv_enable_osc0
                0x80003058       0x22 src/Asf/ASF/common/services/clock/uc3c/osc.o
                0x80003058                osc_priv_enable_osc0
 .text.sysclk_set_source
                0x8000307a       0x1e src/Asf/ASF/common/services/clock/uc3c/sysclk.o
                0x8000307a                sysclk_set_source
 .text.sysclk_set_prescalers
                0x80003098       0x92 src/Asf/ASF/common/services/clock/uc3c/sysclk.o
                0x80003098                sysclk_set_prescalers
 .text.sysclk_priv_enable_module
                0x8000312a       0x36 src/Asf/ASF/common/services/clock/uc3c/sysclk.o
                0x8000312a                sysclk_priv_enable_module
 .text.T.53     0x80003160        0x8 src/Asf/ASF/common/services/clock/uc3c/sysclk.o
                                  0xc (size before relaxing)
 .text.sysclk_enable_usb
                0x80003168       0x58 src/Asf/ASF/common/services/clock/uc3c/sysclk.o
                                 0x64 (size before relaxing)
                0x80003168                sysclk_enable_usb
 .text.sysclk_init
                0x800031c0       0x68 src/Asf/ASF/common/services/clock/uc3c/sysclk.o
                                 0x84 (size before relaxing)
                0x800031c0                sysclk_init
 .text          0x80003228      0x178 src/Asf/ASF/avr32/drivers/intc/intc.o
 .text._unhandled_interrupt
                0x800033a0        0x2 src/Asf/ASF/avr32/drivers/intc/intc.o
 *fill*         0x800033a2        0x2 d703d703
 .text.INTC_register_interrupt
                0x800033a4       0x80 src/Asf/ASF/avr32/drivers/intc/intc.o
                                 0x88 (size before relaxing)
                0x800033a4                INTC_register_interrupt
 .text.INTC_init_interrupts
                0x80003424       0x44 src/Asf/ASF/avr32/drivers/intc/intc.o
                                 0x4c (size before relaxing)
                0x80003424                INTC_init_interrupts
 .text._get_interrupt_handler
                0x80003468       0x34 src/Asf/ASF/avr32/drivers/intc/intc.o
                                 0x38 (size before relaxing)
                0x80003468                _get_interrupt_handler
 .text.usart_set_async_baudrate
                0x8000349c       0x60 src/Asf/ASF/avr32/drivers/usart/usart.o
 .text.usart_write_line
                0x800034fc       0x2a src/Asf/ASF/avr32/drivers/usart/usart.o
                0x800034fc                usart_write_line
 .text.usart_reset
                0x80003526       0x2c src/Asf/ASF/avr32/drivers/usart/usart.o
                0x80003526                usart_reset
 *fill*         0x80003552        0x2 d703d703
 .text.usart_init_rs232
                0x80003554       0xbc src/Asf/ASF/avr32/drivers/usart/usart.o
                                 0xc8 (size before relaxing)
                0x80003554                usart_init_rs232
 .text.flashc_set_bus_freq
                0x80003610       0x2e src/Asf/ASF/avr32/drivers/flashc/flashc.o
                0x80003610                flashc_set_bus_freq
 .text.udd_set_address
                0x8000363e       0x22 src/Asf/ASF/avr32/drivers/usbc/usbc_device.o
                0x8000363e                udd_set_address
 .text.udd_getaddress
                0x80003660        0xc src/Asf/ASF/avr32/drivers/usbc/usbc_device.o
                0x80003660                udd_getaddress
 .text.udd_set_setup_payload
                0x8000366c        0xc src/Asf/ASF/avr32/drivers/usbc/usbc_device.o
                0x8000366c                udd_set_setup_payload
 .text.udd_ep_is_halted
                0x80003678       0x12 src/Asf/ASF/avr32/drivers/usbc/usbc_device.o
                0x80003678                udd_ep_is_halted
 *fill*         0x8000368a        0x2 d703d703
 .text.udd_ep_clear_halt
                0x8000368c       0x80 src/Asf/ASF/avr32/drivers/usbc/usbc_device.o
                                 0x84 (size before relaxing)
                0x8000368c                udd_ep_clear_halt
 .text.udd_ep_alloc
                0x8000370c       0x82 src/Asf/ASF/avr32/drivers/usbc/usbc_device.o
                0x8000370c                udd_ep_alloc
 *fill*         0x8000378e        0x2 d703d703
 .text.udd_ep_abort
                0x80003790       0x7c src/Asf/ASF/avr32/drivers/usbc/usbc_device.o
                0x80003790                udd_ep_abort
 .text.udd_ep_set_halt
                0x8000380c       0x24 src/Asf/ASF/avr32/drivers/usbc/usbc_device.o
                                 0x28 (size before relaxing)
                0x8000380c                udd_ep_set_halt
 .text.udd_ep_free
                0x80003830       0x20 src/Asf/ASF/avr32/drivers/usbc/usbc_device.o
                                 0x24 (size before relaxing)
                0x80003830                udd_ep_free
 .text.udd_sleep_mode
                0x80003850       0x58 src/Asf/ASF/avr32/drivers/usbc/usbc_device.o
 .text.udd_detach
                0x800038a8       0x24 src/Asf/ASF/avr32/drivers/usbc/usbc_device.o
                                 0x28 (size before relaxing)
                0x800038a8                udd_detach
 .text.udd_attach
                0x800038cc       0x68 src/Asf/ASF/avr32/drivers/usbc/usbc_device.o
                                 0x70 (size before relaxing)
                0x800038cc                udd_attach
 .text.udd_ctrl_send_zlp_in
                0x80003934       0x38 src/Asf/ASF/avr32/drivers/usbc/usbc_device.o
                                 0x3c (size before relaxing)
 .text.udd_ctrl_in_sent
                0x8000396c      0x128 src/Asf/ASF/avr32/drivers/usbc/usbc_device.o
                                0x130 (size before relaxing)
 .text.udd_ep_trans_done
                0x80003a94      0x2f8 src/Asf/ASF/avr32/drivers/usbc/usbc_device.o
                                0x300 (size before relaxing)
 .text.udd_ep_run
                0x80003d8c       0xe8 src/Asf/ASF/avr32/drivers/usbc/usbc_device.o
                                 0xf0 (size before relaxing)
                0x80003d8c                udd_ep_run
 .text.udd_interrupt
                0x80003e74      0x4e0 src/Asf/ASF/avr32/drivers/usbc/usbc_device.o
                                0x50c (size before relaxing)
 .text.udd_enable
                0x80004354      0x138 src/Asf/ASF/avr32/drivers/usbc/usbc_device.o
                                0x144 (size before relaxing)
                0x80004354                udd_enable
 .text.udi_hid_setup
                0x8000448c       0xec src/Asf/ASF/common/services/usb/class/hid/device/udi_hid.o
                                 0xf4 (size before relaxing)
                0x8000448c                udi_hid_setup
 .text.udi_hid_generic_disable
                0x80004578        0x2 src/Asf/ASF/common/services/usb/class/hid/device/generic/udi_hid_generic.o
                0x80004578                udi_hid_generic_disable
 .text.udi_hid_generic_getsetting
                0x8000457a        0x2 src/Asf/ASF/common/services/usb/class/hid/device/generic/udi_hid_generic.o
                0x8000457a                udi_hid_generic_getsetting
 .text.udi_hid_generic_setreport
                0x8000457c       0x38 src/Asf/ASF/common/services/usb/class/hid/device/generic/udi_hid_generic.o
                                 0x3c (size before relaxing)
 .text.udi_hid_generic_setfeature_valid
                0x800045b4        0x2 src/Asf/ASF/common/services/usb/class/hid/device/generic/udi_hid_generic.o
 *fill*         0x800045b6        0x2 d703d703
 .text.udi_hid_generic_enable
                0x800045b8       0x28 src/Asf/ASF/common/services/usb/class/hid/device/generic/udi_hid_generic.o
                                 0x30 (size before relaxing)
                0x800045b8                udi_hid_generic_enable
 .text.udi_hid_generic_report_out_received
                0x800045e0       0x1c src/Asf/ASF/common/services/usb/class/hid/device/generic/udi_hid_generic.o
                                 0x24 (size before relaxing)
 .text.udi_hid_generic_setup
                0x800045fc       0x18 src/Asf/ASF/common/services/usb/class/hid/device/generic/udi_hid_generic.o
                                 0x24 (size before relaxing)
                0x800045fc                udi_hid_generic_setup
 .text.udc_get_interface_desc
                0x80004614        0x8 src/Asf/ASF/common/services/usb/udc/udc.o
                                  0xc (size before relaxing)
                0x80004614                udc_get_interface_desc
 .text.udc_sof_notify
                0x8000461c       0x44 src/Asf/ASF/common/services/usb/udc/udc.o
                                 0x48 (size before relaxing)
                0x8000461c                udc_sof_notify
 .text.udc_update_iface_desc
                0x80004660       0x6c src/Asf/ASF/common/services/usb/udc/udc.o
                                 0x70 (size before relaxing)
 .text.udc_valid_address
                0x800046cc       0x14 src/Asf/ASF/common/services/usb/udc/udc.o
                                 0x18 (size before relaxing)
 .text.udc_iface_enable
                0x800046e0       0x78 src/Asf/ASF/common/services/usb/udc/udc.o
                                 0x84 (size before relaxing)
 .text.udc_iface_disable
                0x80004758       0x78 src/Asf/ASF/common/services/usb/udc/udc.o
                                 0x84 (size before relaxing)
 .text.udc_reset
                0x800047d0       0x44 src/Asf/ASF/common/services/usb/udc/udc.o
                                 0x4c (size before relaxing)
                0x800047d0                udc_reset
 .text.udc_process_setup
                0x80004814      0x424 src/Asf/ASF/common/services/usb/udc/udc.o
                                0x458 (size before relaxing)
                0x80004814                udc_process_setup
 .text.udc_start
                0x80004c38        0x8 src/Asf/ASF/common/services/usb/udc/udc.o
                                  0xc (size before relaxing)
                0x80004c38                udc_start
 .text._stext   0x80004c40       0x40 src/Asf/ASF/avr32/utils/startup/startup_uc3.o
                                 0x50 (size before relaxing)
                0x80004c40                _stext
 .text          0x80004c80      0x292 /data/programme/avr32_gcc/avr32-tools/bin/../lib/gcc/avr32/4.4.3/ucr3fp/libgcc.a(_udivdi3.o)
                0x80004c80                __udivdi3
                0x80004c80                __avr32_udiv64
 .text          0x80004f12      0x148 /data/programme/avr32_gcc/avr32-tools/bin/../lib/gcc/avr32/4.4.3/../../../../avr32/lib/ucr3fp/libc.a(lib_a-memcpy.o)
                0x80004f12                memcpy
 *fill*         0x8000505a        0x2 d703d703
 .text.sprintf  0x8000505c       0x38 /data/programme/avr32_gcc/avr32-tools/bin/../lib/gcc/avr32/4.4.3/../../../../avr32/lib/ucr3fp/libc.a(lib_a-sprintf.o)
                                 0x40 (size before relaxing)
                0x8000505c                sprintf
 .text.get_arg  0x80005094      0x314 /data/programme/avr32_gcc/avr32-tools/bin/../lib/gcc/avr32/4.4.3/../../../../avr32/lib/ucr3fp/libc.a(lib_a-vfprintf.o)
                                0x320 (size before relaxing)
 .text.__sprint_r
                0x800053a8       0x1c /data/programme/avr32_gcc/avr32-tools/bin/../lib/gcc/avr32/4.4.3/../../../../avr32/lib/ucr3fp/libc.a(lib_a-vfprintf.o)
                                 0x20 (size before relaxing)
 .text._vfprintf_r
                0x800053c4     0x1f0c /data/programme/avr32_gcc/avr32-tools/bin/../lib/gcc/avr32/4.4.3/../../../../avr32/lib/ucr3fp/libc.a(lib_a-vfprintf.o)
                               0x1f90 (size before relaxing)
                0x800053c4                _vfprintf_r
 .text.__swsetup_r
                0x800072d0       0xdc /data/programme/avr32_gcc/avr32-tools/bin/../lib/gcc/avr32/4.4.3/../../../../avr32/lib/ucr3fp/libc.a(lib_a-wsetup.o)
                                 0xe8 (size before relaxing)
                0x800072d0                __swsetup_r
 .text.quorem   0x800073ac      0x120 /data/programme/avr32_gcc/avr32-tools/bin/../lib/gcc/avr32/4.4.3/../../../../avr32/lib/ucr3fp/libc.a(lib_a-dtoa.o)
                                0x124 (size before relaxing)
 .text._dtoa_r  0x800074cc      0xbdc /data/programme/avr32_gcc/avr32-tools/bin/../lib/gcc/avr32/4.4.3/../../../../avr32/lib/ucr3fp/libc.a(lib_a-dtoa.o)
                                0xc90 (size before relaxing)
                0x800074cc                _dtoa_r
 .text._fflush_r
                0x800080a8      0x10c /data/programme/avr32_gcc/avr32-tools/bin/../lib/gcc/avr32/4.4.3/../../../../avr32/lib/ucr3fp/libc.a(lib_a-fflush.o)
                                0x118 (size before relaxing)
                0x800080a8                _fflush_r
 .text.__sfp_lock_acquire
                0x800081b4        0x2 /data/programme/avr32_gcc/avr32-tools/bin/../lib/gcc/avr32/4.4.3/../../../../avr32/lib/ucr3fp/libc.a(lib_a-findfp.o)
                0x800081b4                __sfp_lock_acquire
 .text.__sfp_lock_release
                0x800081b6        0x2 /data/programme/avr32_gcc/avr32-tools/bin/../lib/gcc/avr32/4.4.3/../../../../avr32/lib/ucr3fp/libc.a(lib_a-findfp.o)
                0x800081b6                __sfp_lock_release
 .text._cleanup_r
                0x800081b8        0xc /data/programme/avr32_gcc/avr32-tools/bin/../lib/gcc/avr32/4.4.3/../../../../avr32/lib/ucr3fp/libc.a(lib_a-findfp.o)
                                 0x14 (size before relaxing)
                0x800081b8                _cleanup_r
 .text.__sfmoreglue
                0x800081c4       0x28 /data/programme/avr32_gcc/avr32-tools/bin/../lib/gcc/avr32/4.4.3/../../../../avr32/lib/ucr3fp/libc.a(lib_a-findfp.o)
                                 0x30 (size before relaxing)
                0x800081c4                __sfmoreglue
 .text.__sfp    0x800081ec       0x6c /data/programme/avr32_gcc/avr32-tools/bin/../lib/gcc/avr32/4.4.3/../../../../avr32/lib/ucr3fp/libc.a(lib_a-findfp.o)
                                 0x7c (size before relaxing)
                0x800081ec                __sfp
 .text.__sinit  0x80008258       0x9c /data/programme/avr32_gcc/avr32-tools/bin/../lib/gcc/avr32/4.4.3/../../../../avr32/lib/ucr3fp/libc.a(lib_a-findfp.o)
                                 0xb0 (size before relaxing)
                0x80008258                __sinit
 .text._malloc_trim_r
                0x800082f4       0x98 /data/programme/avr32_gcc/avr32-tools/bin/../lib/gcc/avr32/4.4.3/../../../../avr32/lib/ucr3fp/libc.a(lib_a-freer.o)
                                 0xa8 (size before relaxing)
                0x800082f4                _malloc_trim_r
 .text._free_r  0x8000838c      0x18c /data/programme/avr32_gcc/avr32-tools/bin/../lib/gcc/avr32/4.4.3/../../../../avr32/lib/ucr3fp/libc.a(lib_a-freer.o)
                                0x1a4 (size before relaxing)
                0x8000838c                _free_r
 .text.__sfvwrite_r
                0x80008518      0x2a4 /data/programme/avr32_gcc/avr32-tools/bin/../lib/gcc/avr32/4.4.3/../../../../avr32/lib/ucr3fp/libc.a(lib_a-fvwrite.o)
                                0x2c8 (size before relaxing)
                0x80008518                __sfvwrite_r
 .text._fwalk   0x800087bc       0x4c /data/programme/avr32_gcc/avr32-tools/bin/../lib/gcc/avr32/4.4.3/../../../../avr32/lib/ucr3fp/libc.a(lib_a-fwalk.o)
                                 0x54 (size before relaxing)
                0x800087bc                _fwalk
 .text._localeconv_r
                0x80008808        0x8 /data/programme/avr32_gcc/avr32-tools/bin/../lib/gcc/avr32/4.4.3/../../../../avr32/lib/ucr3fp/libc.a(lib_a-locale.o)
                0x80008808                _localeconv_r
 .text.__smakebuf_r
                0x80008810       0xc4 /data/programme/avr32_gcc/avr32-tools/bin/../lib/gcc/avr32/4.4.3/../../../../avr32/lib/ucr3fp/libc.a(lib_a-makebuf.o)
                                 0xd4 (size before relaxing)
                0x80008810                __smakebuf_r
 .text.malloc   0x800088d4       0x10 /data/programme/avr32_gcc/avr32-tools/bin/../lib/gcc/avr32/4.4.3/../../../../avr32/lib/ucr3fp/libc.a(lib_a-malloc.o)
                                 0x18 (size before relaxing)
                0x800088d4                malloc
 .text._malloc_r
                0x800088e4      0x438 /data/programme/avr32_gcc/avr32-tools/bin/../lib/gcc/avr32/4.4.3/../../../../avr32/lib/ucr3fp/libc.a(lib_a-mallocr.o)
                                0x454 (size before relaxing)
                0x800088e4                _malloc_r
 .text.memchr   0x80008d1c       0x16 /data/programme/avr32_gcc/avr32-tools/bin/../lib/gcc/avr32/4.4.3/../../../../avr32/lib/ucr3fp/libc.a(lib_a-memchr.o)
                0x80008d1c                memchr
 .text.memmove  0x80008d32       0x3e /data/programme/avr32_gcc/avr32-tools/bin/../lib/gcc/avr32/4.4.3/../../../../avr32/lib/ucr3fp/libc.a(lib_a-memmove.o)
                0x80008d32                memmove
 .text.memset   0x80008d70        0xe /data/programme/avr32_gcc/avr32-tools/bin/../lib/gcc/avr32/4.4.3/../../../../avr32/lib/ucr3fp/libc.a(lib_a-memset.o)
                0x80008d70                memset
 .text.__malloc_lock
                0x80008d7e        0x2 /data/programme/avr32_gcc/avr32-tools/bin/../lib/gcc/avr32/4.4.3/../../../../avr32/lib/ucr3fp/libc.a(lib_a-mlock.o)
                0x80008d7e                __malloc_lock
 .text.__malloc_unlock
                0x80008d80        0x2 /data/programme/avr32_gcc/avr32-tools/bin/../lib/gcc/avr32/4.4.3/../../../../avr32/lib/ucr3fp/libc.a(lib_a-mlock.o)
                0x80008d80                __malloc_unlock
 .text.__hi0bits
                0x80008d82       0x60 /data/programme/avr32_gcc/avr32-tools/bin/../lib/gcc/avr32/4.4.3/../../../../avr32/lib/ucr3fp/libc.a(lib_a-mprec.o)
                0x80008d82                __hi0bits
 .text.__lo0bits
                0x80008de2       0x8e /data/programme/avr32_gcc/avr32-tools/bin/../lib/gcc/avr32/4.4.3/../../../../avr32/lib/ucr3fp/libc.a(lib_a-mprec.o)
                0x80008de2                __lo0bits
 .text.__mcmp   0x80008e70       0x32 /data/programme/avr32_gcc/avr32-tools/bin/../lib/gcc/avr32/4.4.3/../../../../avr32/lib/ucr3fp/libc.a(lib_a-mprec.o)
                0x80008e70                __mcmp
 *fill*         0x80008ea2        0x2 d703d703
 .text._Bfree   0x80008ea4       0x34 /data/programme/avr32_gcc/avr32-tools/bin/../lib/gcc/avr32/4.4.3/../../../../avr32/lib/ucr3fp/libc.a(lib_a-mprec.o)
                                 0x38 (size before relaxing)
                0x80008ea4                _Bfree
 .text._Balloc  0x80008ed8       0x70 /data/programme/avr32_gcc/avr32-tools/bin/../lib/gcc/avr32/4.4.3/../../../../avr32/lib/ucr3fp/libc.a(lib_a-mprec.o)
                                 0x78 (size before relaxing)
                0x80008ed8                _Balloc
 .text.__d2b    0x80008f48       0xa8 /data/programme/avr32_gcc/avr32-tools/bin/../lib/gcc/avr32/4.4.3/../../../../avr32/lib/ucr3fp/libc.a(lib_a-mprec.o)
                                 0xbc (size before relaxing)
                0x80008f48                __d2b
 .text.__mdiff  0x80008ff0       0xd0 /data/programme/avr32_gcc/avr32-tools/bin/../lib/gcc/avr32/4.4.3/../../../../avr32/lib/ucr3fp/libc.a(lib_a-mprec.o)
                                 0xd8 (size before relaxing)
                0x80008ff0                __mdiff
 .text.__lshift
                0x800090c0       0x88 /data/programme/avr32_gcc/avr32-tools/bin/../lib/gcc/avr32/4.4.3/../../../../avr32/lib/ucr3fp/libc.a(lib_a-mprec.o)
                                 0x94 (size before relaxing)
                0x800090c0                __lshift
 .text.__multiply
                0x80009148      0x100 /data/programme/avr32_gcc/avr32-tools/bin/../lib/gcc/avr32/4.4.3/../../../../avr32/lib/ucr3fp/libc.a(lib_a-mprec.o)
                                0x108 (size before relaxing)
                0x80009148                __multiply
 .text.__i2b    0x80009248       0x10 /data/programme/avr32_gcc/avr32-tools/bin/../lib/gcc/avr32/4.4.3/../../../../avr32/lib/ucr3fp/libc.a(lib_a-mprec.o)
                                 0x18 (size before relaxing)
                0x80009248                __i2b
 .text.__multadd
                0x80009258       0x7c /data/programme/avr32_gcc/avr32-tools/bin/../lib/gcc/avr32/4.4.3/../../../../avr32/lib/ucr3fp/libc.a(lib_a-mprec.o)
                                 0x88 (size before relaxing)
                0x80009258                __multadd
 .text.__pow5mult
                0x800092d4       0x8c /data/programme/avr32_gcc/avr32-tools/bin/../lib/gcc/avr32/4.4.3/../../../../avr32/lib/ucr3fp/libc.a(lib_a-mprec.o)
                                 0xac (size before relaxing)
                0x800092d4                __pow5mult
 .text._realloc_r
                0x80009360      0x2c4 /data/programme/avr32_gcc/avr32-tools/bin/../lib/gcc/avr32/4.4.3/../../../../avr32/lib/ucr3fp/libc.a(lib_a-reallocr.o)
                                0x2e0 (size before relaxing)
                0x80009360                _realloc_r
 .text._sbrk_r  0x80009624       0x20 /data/programme/avr32_gcc/avr32-tools/bin/../lib/gcc/avr32/4.4.3/../../../../avr32/lib/ucr3fp/libc.a(lib_a-sbrkr.o)
                                 0x28 (size before relaxing)
                0x80009624                _sbrk_r
 .text.__isinfd
                0x80009644       0x2a /data/programme/avr32_gcc/avr32-tools/bin/../lib/gcc/avr32/4.4.3/../../../../avr32/lib/ucr3fp/libc.a(lib_a-s_isinfd.o)
                0x80009644                __isinfd
 .text.__isnand
                0x8000966e       0x1c /data/programme/avr32_gcc/avr32-tools/bin/../lib/gcc/avr32/4.4.3/../../../../avr32/lib/ucr3fp/libc.a(lib_a-s_isnand.o)
                0x8000966e                __isnand
 *fill*         0x8000968a        0x2 d703d703
 .text.__sclose
                0x8000968c        0x8 /data/programme/avr32_gcc/avr32-tools/bin/../lib/gcc/avr32/4.4.3/../../../../avr32/lib/ucr3fp/libc.a(lib_a-stdio.o)
                                 0x10 (size before relaxing)
                0x8000968c                __sclose
 .text.__sseek  0x80009694       0x28 /data/programme/avr32_gcc/avr32-tools/bin/../lib/gcc/avr32/4.4.3/../../../../avr32/lib/ucr3fp/libc.a(lib_a-stdio.o)
                                 0x2c (size before relaxing)
                0x80009694                __sseek
 .text.__swrite
                0x800096bc       0x2c /data/programme/avr32_gcc/avr32-tools/bin/../lib/gcc/avr32/4.4.3/../../../../avr32/lib/ucr3fp/libc.a(lib_a-stdio.o)
                                 0x38 (size before relaxing)
                0x800096bc                __swrite
 .text.__sread  0x800096e8       0x1c /data/programme/avr32_gcc/avr32-tools/bin/../lib/gcc/avr32/4.4.3/../../../../avr32/lib/ucr3fp/libc.a(lib_a-stdio.o)
                                 0x24 (size before relaxing)
                0x800096e8                __sread
 .text.strlen   0x80009704       0x16 /data/programme/avr32_gcc/avr32-tools/bin/../lib/gcc/avr32/4.4.3/../../../../avr32/lib/ucr3fp/libc.a(lib_a-strlen.o)
                0x80009704                strlen
 *fill*         0x8000971a        0x2 d703d703
 .text._close   0x8000971c       0x14 /data/programme/avr32_gcc/avr32-tools/bin/../lib/gcc/avr32/4.4.3/../../../../avr32/lib/ucr3fp/libc.a(lib_a-syscalls.o)
                                 0x18 (size before relaxing)
                0x8000971c                _close
 .text._lseek   0x80009730       0x14 /data/programme/avr32_gcc/avr32-tools/bin/../lib/gcc/avr32/4.4.3/../../../../avr32/lib/ucr3fp/libc.a(lib_a-syscalls.o)
                                 0x18 (size before relaxing)
                0x80009730                _lseek
 .text._read    0x80009744       0x14 /data/programme/avr32_gcc/avr32-tools/bin/../lib/gcc/avr32/4.4.3/../../../../avr32/lib/ucr3fp/libc.a(lib_a-syscalls.o)
                                 0x18 (size before relaxing)
                0x80009744                _read
 .text._write   0x80009758       0x14 /data/programme/avr32_gcc/avr32-tools/bin/../lib/gcc/avr32/4.4.3/../../../../avr32/lib/ucr3fp/libc.a(lib_a-syscalls.o)
                                 0x18 (size before relaxing)
                0x80009758                _write
 .text.isatty   0x8000976c       0x14 /data/programme/avr32_gcc/avr32-tools/bin/../lib/gcc/avr32/4.4.3/../../../../avr32/lib/ucr3fp/libc.a(lib_a-syscalls.o)
                                 0x18 (size before relaxing)
                0x8000976c                isatty
 .text._fstat_host
                0x80009780       0x14 /data/programme/avr32_gcc/avr32-tools/bin/../lib/gcc/avr32/4.4.3/../../../../avr32/lib/ucr3fp/libc.a(lib_a-syscalls.o)
                                 0x18 (size before relaxing)
                0x80009780                _fstat_host
 .text._fstat   0x80009794       0x4c /data/programme/avr32_gcc/avr32-tools/bin/../lib/gcc/avr32/4.4.3/../../../../avr32/lib/ucr3fp/libc.a(lib_a-syscalls.o)
                                 0x50 (size before relaxing)
                0x80009794                _fstat
 .text._sbrk    0x800097e0       0x38 /data/programme/avr32_gcc/avr32-tools/bin/../lib/gcc/avr32/4.4.3/../../../../avr32/lib/ucr3fp/libc.a(lib_a-syscalls.o)
                                 0x40 (size before relaxing)
                0x800097e0                _sbrk
 .text._write_r
                0x80009818       0x24 /data/programme/avr32_gcc/avr32-tools/bin/../lib/gcc/avr32/4.4.3/../../../../avr32/lib/ucr3fp/libc.a(lib_a-writer.o)
                                 0x2c (size before relaxing)
                0x80009818                _write_r
 .text._calloc_r
                0x8000983c       0x58 /data/programme/avr32_gcc/avr32-tools/bin/../lib/gcc/avr32/4.4.3/../../../../avr32/lib/ucr3fp/libc.a(lib_a-callocr.o)
                                 0x60 (size before relaxing)
                0x8000983c                _calloc_r
 .text._close_r
                0x80009894       0x20 /data/programme/avr32_gcc/avr32-tools/bin/../lib/gcc/avr32/4.4.3/../../../../avr32/lib/ucr3fp/libc.a(lib_a-closer.o)
                                 0x28 (size before relaxing)
                0x80009894                _close_r
 .text.__errno  0x800098b4        0xc /data/programme/avr32_gcc/avr32-tools/bin/../lib/gcc/avr32/4.4.3/../../../../avr32/lib/ucr3fp/libc.a(lib_a-errno.o)
                0x800098b4                __errno
 .text._fclose_r
                0x800098c0       0xb8 /data/programme/avr32_gcc/avr32-tools/bin/../lib/gcc/avr32/4.4.3/../../../../avr32/lib/ucr3fp/libc.a(lib_a-fclose.o)
                                 0xd0 (size before relaxing)
                0x800098c0                _fclose_r
 .text.fclose   0x80009978       0x10 /data/programme/avr32_gcc/avr32-tools/bin/../lib/gcc/avr32/4.4.3/../../../../avr32/lib/ucr3fp/libc.a(lib_a-fclose.o)
                                 0x18 (size before relaxing)
                0x80009978                fclose
 .text._fstat_r
                0x80009988       0x24 /data/programme/avr32_gcc/avr32-tools/bin/../lib/gcc/avr32/4.4.3/../../../../avr32/lib/ucr3fp/libc.a(lib_a-fstatr.o)
                                 0x2c (size before relaxing)
                0x80009988                _fstat_r
 .text._lseek_r
                0x800099ac       0x24 /data/programme/avr32_gcc/avr32-tools/bin/../lib/gcc/avr32/4.4.3/../../../../avr32/lib/ucr3fp/libc.a(lib_a-lseekr.o)
                                 0x2c (size before relaxing)
                0x800099ac                _lseek_r
 .text._read_r  0x800099d0       0x24 /data/programme/avr32_gcc/avr32-tools/bin/../lib/gcc/avr32/4.4.3/../../../../avr32/lib/ucr3fp/libc.a(lib_a-readr.o)
                                 0x2c (size before relaxing)
                0x800099d0                _read_r
 .text          0x800099f4      0x1d4 /data/programme/avr32_gcc/avr32-tools/bin/../lib/gcc/avr32/4.4.3/ucr3fp/libgcc.a(_avr32_f64_mul.o)
                0x800099f4                __avr32_f64_mul
 .text          0x80009bc8      0x2a8 /data/programme/avr32_gcc/avr32-tools/bin/../lib/gcc/avr32/4.4.3/ucr3fp/libgcc.a(_avr32_f64_addsub.o)
                0x80009bcc                __avr32_f64_sub
                0x80009d68                __avr32_f64_add
 .text          0x80009e70       0x2a /data/programme/avr32_gcc/avr32-tools/bin/../lib/gcc/avr32/4.4.3/ucr3fp/libgcc.a(_avr32_f64_to_s32.o)
                0x80009e70                __avr32_f64_to_u32
                0x80009e74                __avr32_f64_to_s32
 .text          0x80009e9a       0xe8 /data/programme/avr32_gcc/avr32-tools/bin/../lib/gcc/avr32/4.4.3/ucr3fp/libgcc.a(_avr32_s32_to_f64.o)
                0x80009e9a                __avr32_u32_to_f64
                0x80009ea2                __avr32_s32_to_f64
 .text          0x80009f82       0x26 /data/programme/avr32_gcc/avr32-tools/bin/../lib/gcc/avr32/4.4.3/ucr3fp/libgcc.a(_avr32_f64_cmp_eq.o)
                0x80009f82                __avr32_f64_cmp_eq
 .text          0x80009fa8       0x68 /data/programme/avr32_gcc/avr32-tools/bin/../lib/gcc/avr32/4.4.3/ucr3fp/libgcc.a(_avr32_f64_cmp_ge.o)
                0x80009fa8                __avr32_f64_cmp_ge
 .text          0x8000a010       0x68 /data/programme/avr32_gcc/avr32-tools/bin/../lib/gcc/avr32/4.4.3/ucr3fp/libgcc.a(_avr32_f64_cmp_lt.o)
                0x8000a010                __avr32_f64_cmp_lt
 .text          0x8000a078      0x318 /data/programme/avr32_gcc/avr32-tools/bin/../lib/gcc/avr32/4.4.3/ucr3fp/libgcc.a(_avr32_f64_div.o)
                0x8000a078                __avr32_f64_div
 .text          0x8000a390      0x272 /data/programme/avr32_gcc/avr32-tools/bin/../lib/gcc/avr32/4.4.3/ucr3fp/libgcc.a(_umoddi3.o)
                0x8000a390                __umoddi3
                0x8000a390                __avr32_umod64
 *(.text.*personality*)
 *(.gnu.warning)

.exception      0x8000a800      0x200
 .exception     0x8000a800      0x200 src/Asf/ASF/avr32/drivers/intc/exception.o
                0x8000a800                _evba
                0x8000a904                _int0
                0x8000a912                _int1
                0x8000a920                _int2
                0x8000a92e                _int3

.fini
 *(.fini)
                0x8000aa00                PROVIDE (__etext, .)
                0x8000aa00                PROVIDE (_etext, .)
                0x8000aa00                PROVIDE (etext, .)

.rodata         0x8000aa00      0x594
 *(.rodata .rodata.* .gnu.linkonce.r.*)
 .rodata.str1.4
                0x8000aa00        0xa src/main.o
                                  0xc (size before relaxing)
 *fill*         0x8000aa0a        0x2 00
 .rodata.get_arg
                0x8000aa0c       0x3c /data/programme/avr32_gcc/avr32-tools/bin/../lib/gcc/avr32/4.4.3/../../../../avr32/lib/ucr3fp/libc.a(lib_a-vfprintf.o)
 .rodata._vfprintf_r
                0x8000aa48      0x164 /data/programme/avr32_gcc/avr32-tools/bin/../lib/gcc/avr32/4.4.3/../../../../avr32/lib/ucr3fp/libc.a(lib_a-vfprintf.o)
 .rodata.state_table
                0x8000abac       0x6c /data/programme/avr32_gcc/avr32-tools/bin/../lib/gcc/avr32/4.4.3/../../../../avr32/lib/ucr3fp/libc.a(lib_a-vfprintf.o)
 .rodata.action_table
                0x8000ac18       0x6c /data/programme/avr32_gcc/avr32-tools/bin/../lib/gcc/avr32/4.4.3/../../../../avr32/lib/ucr3fp/libc.a(lib_a-vfprintf.o)
 .rodata.str1.4
                0x8000ac84       0x3a /data/programme/avr32_gcc/avr32-tools/bin/../lib/gcc/avr32/4.4.3/../../../../avr32/lib/ucr3fp/libc.a(lib_a-vfprintf.o)
                                 0x3c (size before relaxing)
 *fill*         0x8000acbe        0x2 00
 .rodata.blanks.3430
                0x8000acc0       0x10 /data/programme/avr32_gcc/avr32-tools/bin/../lib/gcc/avr32/4.4.3/../../../../avr32/lib/ucr3fp/libc.a(lib_a-vfprintf.o)
 .rodata.zeroes.3431
                0x8000acd0       0x10 /data/programme/avr32_gcc/avr32-tools/bin/../lib/gcc/avr32/4.4.3/../../../../avr32/lib/ucr3fp/libc.a(lib_a-vfprintf.o)
 .rodata.chclass
                0x8000ace0      0x100 /data/programme/avr32_gcc/avr32-tools/bin/../lib/gcc/avr32/4.4.3/../../../../avr32/lib/ucr3fp/libc.a(lib_a-vfprintf.o)
 .rodata.str1.4
                0x8000ade0       0x10 /data/programme/avr32_gcc/avr32-tools/bin/../lib/gcc/avr32/4.4.3/../../../../avr32/lib/ucr3fp/libc.a(lib_a-dtoa.o)
                                 0x14 (size before relaxing)
 .rodata.__sf_fake_stdin
                0x8000adf0       0x20 /data/programme/avr32_gcc/avr32-tools/bin/../lib/gcc/avr32/4.4.3/../../../../avr32/lib/ucr3fp/libc.a(lib_a-findfp.o)
                0x8000adf0                __sf_fake_stdin
 .rodata.__sf_fake_stdout
                0x8000ae10       0x20 /data/programme/avr32_gcc/avr32-tools/bin/../lib/gcc/avr32/4.4.3/../../../../avr32/lib/ucr3fp/libc.a(lib_a-findfp.o)
                0x8000ae10                __sf_fake_stdout
 .rodata.__sf_fake_stderr
                0x8000ae30       0x20 /data/programme/avr32_gcc/avr32-tools/bin/../lib/gcc/avr32/4.4.3/../../../../avr32/lib/ucr3fp/libc.a(lib_a-findfp.o)
                0x8000ae30                __sf_fake_stderr
 .rodata.str1.4
                0x8000ae50        0x2 /data/programme/avr32_gcc/avr32-tools/bin/../lib/gcc/avr32/4.4.3/../../../../avr32/lib/ucr3fp/libc.a(lib_a-impure.o)
                                  0x4 (size before relaxing)
 *fill*         0x8000ae52        0x2 00
 .rodata._global_impure_ptr
                0x8000ae54        0x4 /data/programme/avr32_gcc/avr32-tools/bin/../lib/gcc/avr32/4.4.3/../../../../avr32/lib/ucr3fp/libc.a(lib_a-impure.o)
                0x8000ae54                _global_impure_ptr
 .rodata.lconv  0x8000ae58       0x30 /data/programme/avr32_gcc/avr32-tools/bin/../lib/gcc/avr32/4.4.3/../../../../avr32/lib/ucr3fp/libc.a(lib_a-locale.o)
 .rodata.str1.4
                0x8000ae88       0x10 /data/programme/avr32_gcc/avr32-tools/bin/../lib/gcc/avr32/4.4.3/../../../../avr32/lib/ucr3fp/libc.a(lib_a-locale.o)
                                 0x18 (size before relaxing)
 .rodata.p05.2471
                0x8000ae98        0xc /data/programme/avr32_gcc/avr32-tools/bin/../lib/gcc/avr32/4.4.3/../../../../avr32/lib/ucr3fp/libc.a(lib_a-mprec.o)
 .rodata.__mprec_tens
                0x8000aea4       0xc8 /data/programme/avr32_gcc/avr32-tools/bin/../lib/gcc/avr32/4.4.3/../../../../avr32/lib/ucr3fp/libc.a(lib_a-mprec.o)
                0x8000aea4                __mprec_tens
 .rodata.__mprec_bigtens
                0x8000af6c       0x28 /data/programme/avr32_gcc/avr32-tools/bin/../lib/gcc/avr32/4.4.3/../../../../avr32/lib/ucr3fp/libc.a(lib_a-mprec.o)
                0x8000af6c                __mprec_bigtens

.rodata1
 *(.rodata1)

.eh_frame_hdr
 *(.eh_frame_hdr)

.eh_frame
 *(.eh_frame)

.gcc_except_table
 *(.gcc_except_table)
 *(.gcc_except_table.*)

.dalign         0x8000af94        0x4
                0x8000af98                . = ALIGN (0x8)
 *fill*         0x8000af94        0x4 00
                0x8000af98                PROVIDE (_data_lma, .)
                0x00000004                PROVIDE (_data, ORIGIN (CPUSRAM))
                0x00000004                . = ORIGIN (CPUSRAM)

.eh_frame
 *(.eh_frame)

.gcc_except_table
 *(.gcc_except_table)
 *(.gcc_except_table.*)

.tdata
 *(.tdata .tdata.* .gnu.linkonce.td.*)

.tbss
 *(.tbss .tbss.* .gnu.linkonce.tb.*)
 *(.tcommon)
                0x00000004                PROVIDE (__preinit_array_start, ALIGN (0x4))

.preinit_array
 *(.preinit_array)
                0x00000004                PROVIDE (__preinit_array_end, .)
                0x00000004                PROVIDE (__init_array_start, .)

.init_array
 *(.init_array)
                0x00000004                PROVIDE (__init_array_end, .)
                0x00000004                PROVIDE (__fini_array_start, .)

.fini_array
 *(.fini_array)
                0x00000004                PROVIDE (__fini_array_end, .)

.ctors
 *crtbegin*.o(.ctors)
 *(EXCLUDE_FILE(*crtend*.o) .ctors)
 *(SORT(.ctors.*))
 *(.ctors)

.dtors
 *crtbegin*.o(.dtors)
 *(EXCLUDE_FILE(*crtend*.o) .dtors)
 *(SORT(.dtors.*))
 *(.dtors)

.jcr
 *(.jcr)

.data.rel.ro
 *(.data.rel.ro.local)
 *(.data.rel.ro*)

.dynamic
 *(.dynamic)

.got
 *(.got.plt)
 *(.got)

.data           0x00000004      0x5b8 load address 0x8000af98
 *(.data .data.* .gnu.linkonce.d.*)
 .data          0x00000004        0xc src/Asf/asf.o
 .data          0x00000010       0x4c src/Asf/ASF/common/services/usb/class/hid/device/generic/udi_hid_generic.o
                0x00000010                udi_hid_generic_report_desc
                0x00000048                udi_api_hid_generic
 .data          0x0000005c       0x58 src/Asf/ASF/common/services/usb/class/hid/device/generic/udi_hid_generic_desc.o
                0x0000005c                udc_device_desc
                0x00000070                udc_desc
                0x0000009c                udi_apis
                0x000000a0                udc_config_fshs
                0x000000a8                udc_config
 .data          0x000000b4        0x4 src/Asf/ASF/common/services/usb/udc/udc.o
 .data.impure_data
                0x000000b8       0xf0 /data/programme/avr32_gcc/avr32-tools/bin/../lib/gcc/avr32/4.4.3/../../../../avr32/lib/ucr3fp/libc.a(lib_a-impure.o)
 .data._impure_ptr
                0x000001a8        0x4 /data/programme/avr32_gcc/avr32-tools/bin/../lib/gcc/avr32/4.4.3/../../../../avr32/lib/ucr3fp/libc.a(lib_a-impure.o)
                0x000001a8                _impure_ptr
 .data.__malloc_av_
                0x000001ac      0x408 /data/programme/avr32_gcc/avr32-tools/bin/../lib/gcc/avr32/4.4.3/../../../../avr32/lib/ucr3fp/libc.a(lib_a-mallocr.o)
                0x000001ac                __malloc_av_
 .data.__malloc_trim_threshold
                0x000005b4        0x4 /data/programme/avr32_gcc/avr32-tools/bin/../lib/gcc/avr32/4.4.3/../../../../avr32/lib/ucr3fp/libc.a(lib_a-mallocr.o)
                0x000005b4                __malloc_trim_threshold
 .data.__malloc_sbrk_base
                0x000005b8        0x4 /data/programme/avr32_gcc/avr32-tools/bin/../lib/gcc/avr32/4.4.3/../../../../avr32/lib/ucr3fp/libc.a(lib_a-mallocr.o)
                0x000005b8                __malloc_sbrk_base
 *(.gnu.linkonce.d.*personality*)

.data1
 *(.data1)

.balign         0x000005bc        0x4 load address 0x8000b550
                0x000005c0                . = ALIGN (0x8)
 *fill*         0x000005bc        0x4 00
                0x000005c0                _edata = .
                0x000005c0                _edata = .
                0x000005c0                PROVIDE (edata, .)
                0x000005c0                __bss_start = .

.bss            0x000005c0      0x430 load address 0x8000b560
 *(.dynbss)
 *(.bss .bss.* .gnu.linkonce.b.*)
 .bss           0x000005c0      0x1c8 src/Asf/ASF/avr32/drivers/intc/intc.o
 *fill*         0x00000788       0x18 00
 .bss           0x000007a0       0xc0 src/Asf/ASF/avr32/drivers/usbc/usbc_device.o
 .bss           0x00000860       0x90 src/Asf/ASF/common/services/usb/class/hid/device/generic/udi_hid_generic.o
 .bss           0x000008f0       0x14 src/Asf/ASF/common/services/usb/udc/udc.o
 .bss.__malloc_max_total_mem
                0x00000904        0x4 /data/programme/avr32_gcc/avr32-tools/bin/../lib/gcc/avr32/4.4.3/../../../../avr32/lib/ucr3fp/libc.a(lib_a-mallocr.o)
                0x00000904                __malloc_max_total_mem
 .bss.__malloc_max_sbrked_mem
                0x00000908        0x4 /data/programme/avr32_gcc/avr32-tools/bin/../lib/gcc/avr32/4.4.3/../../../../avr32/lib/ucr3fp/libc.a(lib_a-mallocr.o)
                0x00000908                __malloc_max_sbrked_mem
 .bss.__malloc_top_pad
                0x0000090c        0x4 /data/programme/avr32_gcc/avr32-tools/bin/../lib/gcc/avr32/4.4.3/../../../../avr32/lib/ucr3fp/libc.a(lib_a-mallocr.o)
                0x0000090c                __malloc_top_pad
 .bss.__malloc_current_mallinfo
                0x00000910       0x28 /data/programme/avr32_gcc/avr32-tools/bin/../lib/gcc/avr32/4.4.3/../../../../avr32/lib/ucr3fp/libc.a(lib_a-mallocr.o)
                0x00000910                __malloc_current_mallinfo
 .bss.cur_heap_pos.1869
                0x00000938        0x4 /data/programme/avr32_gcc/avr32-tools/bin/../lib/gcc/avr32/4.4.3/../../../../avr32/lib/ucr3fp/libc.a(lib_a-syscalls.o)
 *(COMMON)
 COMMON         0x0000093c        0x2 src/Port/Port.o
                0x0000093c                PinNumber_ui8
                0x0000093d                PortNumber_ui8
 *fill*         0x0000093e        0x2 00
 COMMON         0x00000940       0xa0 src/Asf/ASF/avr32/drivers/usbc/usbc_device.o
                0x00000940                udd_ep_out_cache_buffer
                0x000009c0                udd_g_ctrlreq
                0x000009d8                udd_ctrl_buffer
 COMMON         0x000009e0        0x7 src/Asf/ASF/common/services/sleepmgr/uc3/sleepmgr.o
                0x000009e0                sleepmgr_locks
 *fill*         0x000009e7        0x1 00
 COMMON         0x000009e8        0x4 /data/programme/avr32_gcc/avr32-tools/bin/../lib/gcc/avr32/4.4.3/../../../../avr32/lib/ucr3fp/libc.a(lib_a-reent.o)
                0x000009e8                errno
                0x000009f0                . = ALIGN (0x8)
 *fill*         0x000009ec        0x4 00
                0x000009f0                . = ALIGN (0x8)
                0x000009f0                _end = .
                0x000009f0                PROVIDE (end, .)
                0x000009f0                __heap_start__ = ALIGN (0x8)
                0x00003000                . = ((ORIGIN (CPUSRAM) + 0x3ffc) - _stack_size)
                0x00003000                __heap_end__ = .

.stab
 *(.stab)

.stabstr
 *(.stabstr)

.stab.excl
 *(.stab.excl)

.stab.exclstr
 *(.stab.exclstr)

.stab.index
 *(.stab.index)

.stab.indexstr
 *(.stab.indexstr)

.comment        0x00000000       0x30
 *(.comment)
 .comment       0x00000000       0x30 src/main.o
                                 0x31 (size before relaxing)
 .comment       0x00000000       0x31 src/Port/Port.o
 .comment       0x00000000       0x31 src/Port/Port_Lcfg.o
 .comment       0x00000000       0x31 src/Dio/Dio.o
 .comment       0x00000000       0x31 src/Asf/asf.o
 .comment       0x00000000       0x31 src/Asf/ASF/common/services/clock/uc3c/pll.o
 .comment       0x00000000       0x31 src/Asf/ASF/common/services/clock/uc3c/osc.o
 .comment       0x00000000       0x31 src/Asf/ASF/common/services/clock/uc3c/sysclk.o
 .comment       0x00000000       0x31 src/Asf/ASF/avr32/drivers/intc/intc.o
 .comment       0x00000000       0x31 src/Asf/ASF/avr32/drivers/usart/usart.o
 .comment       0x00000000       0x31 src/Asf/ASF/avr32/drivers/flashc/flashc.o
 .comment       0x00000000       0x31 src/Asf/ASF/avr32/drivers/usbc/usbc_device.o
 .comment       0x00000000       0x31 src/Asf/ASF/common/services/sleepmgr/uc3/sleepmgr.o
 .comment       0x00000000       0x31 src/Asf/ASF/common/services/usb/class/hid/device/udi_hid.o
 .comment       0x00000000       0x31 src/Asf/ASF/common/services/usb/class/hid/device/generic/udi_hid_generic.o
 .comment       0x00000000       0x31 src/Asf/ASF/common/services/usb/class/hid/device/generic/udi_hid_generic_desc.o
 .comment       0x00000000       0x31 src/Asf/ASF/common/services/usb/udc/udc.o
 .comment       0x00000000       0x31 /data/programme/avr32_gcc/avr32-tools/bin/../lib/gcc/avr32/4.4.3/ucr3fp/libgcc.a(_udivdi3.o)
 .comment       0x00000000       0x31 /data/programme/avr32_gcc/avr32-tools/bin/../lib/gcc/avr32/4.4.3/../../../../avr32/lib/ucr3fp/libc.a(lib_a-sprintf.o)
 .comment       0x00000000       0x31 /data/programme/avr32_gcc/avr32-tools/bin/../lib/gcc/avr32/4.4.3/../../../../avr32/lib/ucr3fp/libc.a(lib_a-vfprintf.o)
 .comment       0x00000000       0x31 /data/programme/avr32_gcc/avr32-tools/bin/../lib/gcc/avr32/4.4.3/../../../../avr32/lib/ucr3fp/libc.a(lib_a-wsetup.o)
 .comment       0x00000000       0x31 /data/programme/avr32_gcc/avr32-tools/bin/../lib/gcc/avr32/4.4.3/../../../../avr32/lib/ucr3fp/libc.a(lib_a-dtoa.o)
 .comment       0x00000000       0x31 /data/programme/avr32_gcc/avr32-tools/bin/../lib/gcc/avr32/4.4.3/../../../../avr32/lib/ucr3fp/libc.a(lib_a-fflush.o)
 .comment       0x00000000       0x31 /data/programme/avr32_gcc/avr32-tools/bin/../lib/gcc/avr32/4.4.3/../../../../avr32/lib/ucr3fp/libc.a(lib_a-findfp.o)
 .comment       0x00000000       0x31 /data/programme/avr32_gcc/avr32-tools/bin/../lib/gcc/avr32/4.4.3/../../../../avr32/lib/ucr3fp/libc.a(lib_a-freer.o)
 .comment       0x00000000       0x31 /data/programme/avr32_gcc/avr32-tools/bin/../lib/gcc/avr32/4.4.3/../../../../avr32/lib/ucr3fp/libc.a(lib_a-fvwrite.o)
 .comment       0x00000000       0x31 /data/programme/avr32_gcc/avr32-tools/bin/../lib/gcc/avr32/4.4.3/../../../../avr32/lib/ucr3fp/libc.a(lib_a-fwalk.o)
 .comment       0x00000000       0x31 /data/programme/avr32_gcc/avr32-tools/bin/../lib/gcc/avr32/4.4.3/../../../../avr32/lib/ucr3fp/libc.a(lib_a-impure.o)
 .comment       0x00000000       0x31 /data/programme/avr32_gcc/avr32-tools/bin/../lib/gcc/avr32/4.4.3/../../../../avr32/lib/ucr3fp/libc.a(lib_a-locale.o)
 .comment       0x00000000       0x31 /data/programme/avr32_gcc/avr32-tools/bin/../lib/gcc/avr32/4.4.3/../../../../avr32/lib/ucr3fp/libc.a(lib_a-makebuf.o)
 .comment       0x00000000       0x31 /data/programme/avr32_gcc/avr32-tools/bin/../lib/gcc/avr32/4.4.3/../../../../avr32/lib/ucr3fp/libc.a(lib_a-malloc.o)
 .comment       0x00000000       0x31 /data/programme/avr32_gcc/avr32-tools/bin/../lib/gcc/avr32/4.4.3/../../../../avr32/lib/ucr3fp/libc.a(lib_a-mallocr.o)
 .comment       0x00000000       0x31 /data/programme/avr32_gcc/avr32-tools/bin/../lib/gcc/avr32/4.4.3/../../../../avr32/lib/ucr3fp/libc.a(lib_a-memchr.o)
 .comment       0x00000000       0x31 /data/programme/avr32_gcc/avr32-tools/bin/../lib/gcc/avr32/4.4.3/../../../../avr32/lib/ucr3fp/libc.a(lib_a-memmove.o)
 .comment       0x00000000       0x31 /data/programme/avr32_gcc/avr32-tools/bin/../lib/gcc/avr32/4.4.3/../../../../avr32/lib/ucr3fp/libc.a(lib_a-memset.o)
 .comment       0x00000000       0x31 /data/programme/avr32_gcc/avr32-tools/bin/../lib/gcc/avr32/4.4.3/../../../../avr32/lib/ucr3fp/libc.a(lib_a-mlock.o)
 .comment       0x00000000       0x31 /data/programme/avr32_gcc/avr32-tools/bin/../lib/gcc/avr32/4.4.3/../../../../avr32/lib/ucr3fp/libc.a(lib_a-mprec.o)
 .comment       0x00000000       0x31 /data/programme/avr32_gcc/avr32-tools/bin/../lib/gcc/avr32/4.4.3/../../../../avr32/lib/ucr3fp/libc.a(lib_a-reallocr.o)
 .comment       0x00000000       0x31 /data/programme/avr32_gcc/avr32-tools/bin/../lib/gcc/avr32/4.4.3/../../../../avr32/lib/ucr3fp/libc.a(lib_a-sbrkr.o)
 .comment       0x00000000       0x31 /data/programme/avr32_gcc/avr32-tools/bin/../lib/gcc/avr32/4.4.3/../../../../avr32/lib/ucr3fp/libc.a(lib_a-s_isinfd.o)
 .comment       0x00000000       0x31 /data/programme/avr32_gcc/avr32-tools/bin/../lib/gcc/avr32/4.4.3/../../../../avr32/lib/ucr3fp/libc.a(lib_a-s_isnand.o)
 .comment       0x00000000       0x31 /data/programme/avr32_gcc/avr32-tools/bin/../lib/gcc/avr32/4.4.3/../../../../avr32/lib/ucr3fp/libc.a(lib_a-stdio.o)
 .comment       0x00000000       0x31 /data/programme/avr32_gcc/avr32-tools/bin/../lib/gcc/avr32/4.4.3/../../../../avr32/lib/ucr3fp/libc.a(lib_a-strlen.o)
 .comment       0x00000000       0x31 /data/programme/avr32_gcc/avr32-tools/bin/../lib/gcc/avr32/4.4.3/../../../../avr32/lib/ucr3fp/libc.a(lib_a-syscalls.o)
 .comment       0x00000000       0x31 /data/programme/avr32_gcc/avr32-tools/bin/../lib/gcc/avr32/4.4.3/../../../../avr32/lib/ucr3fp/libc.a(lib_a-writer.o)
 .comment       0x00000000       0x31 /data/programme/avr32_gcc/avr32-tools/bin/../lib/gcc/avr32/4.4.3/../../../../avr32/lib/ucr3fp/libc.a(lib_a-callocr.o)
 .comment       0x00000000       0x31 /data/programme/avr32_gcc/avr32-tools/bin/../lib/gcc/avr32/4.4.3/../../../../avr32/lib/ucr3fp/libc.a(lib_a-closer.o)
 .comment       0x00000000       0x31 /data/programme/avr32_gcc/avr32-tools/bin/../lib/gcc/avr32/4.4.3/../../../../avr32/lib/ucr3fp/libc.a(lib_a-errno.o)
 .comment       0x00000000       0x31 /data/programme/avr32_gcc/avr32-tools/bin/../lib/gcc/avr32/4.4.3/../../../../avr32/lib/ucr3fp/libc.a(lib_a-fclose.o)
 .comment       0x00000000       0x31 /data/programme/avr32_gcc/avr32-tools/bin/../lib/gcc/avr32/4.4.3/../../../../avr32/lib/ucr3fp/libc.a(lib_a-fstatr.o)
 .comment       0x00000000       0x31 /data/programme/avr32_gcc/avr32-tools/bin/../lib/gcc/avr32/4.4.3/../../../../avr32/lib/ucr3fp/libc.a(lib_a-lseekr.o)
 .comment       0x00000000       0x31 /data/programme/avr32_gcc/avr32-tools/bin/../lib/gcc/avr32/4.4.3/../../../../avr32/lib/ucr3fp/libc.a(lib_a-readr.o)
 .comment       0x00000000       0x31 /data/programme/avr32_gcc/avr32-tools/bin/../lib/gcc/avr32/4.4.3/../../../../avr32/lib/ucr3fp/libc.a(lib_a-reent.o)
 .comment       0x00000000       0x31 /data/programme/avr32_gcc/avr32-tools/bin/../lib/gcc/avr32/4.4.3/ucr3fp/libgcc.a(_umoddi3.o)

.debug
 *(.debug)

.line
 *(.line)

.debug_srcinfo
 *(.debug_srcinfo)

.debug_sfnames
 *(.debug_sfnames)

.debug_aranges  0x00000000      0x738
 *(.debug_aranges)
 .debug_aranges
                0x00000000       0x20 src/main.o
 .debug_aranges
                0x00000020       0x20 src/Port/Port.o
 .debug_aranges
                0x00000040       0x20 src/Port/Port_Lcfg.o
 .debug_aranges
                0x00000060       0x60 src/Dio/Dio.o
 .debug_aranges
                0x000000c0       0x48 src/Asf/asf.o
 .debug_aranges
                0x00000108       0x30 src/Asf/ASF/common/services/clock/uc3c/pll.o
 .debug_aranges
                0x00000138       0x48 src/Asf/ASF/common/services/clock/uc3c/osc.o
 .debug_aranges
                0x00000180       0x58 src/Asf/ASF/common/services/clock/uc3c/sysclk.o
 .debug_aranges
                0x000001d8       0x38 src/Asf/ASF/avr32/drivers/intc/intc.o
 .debug_aranges
                0x00000210       0xd8 src/Asf/ASF/avr32/drivers/usart/usart.o
 .debug_aranges
                0x000002e8      0x220 src/Asf/ASF/avr32/drivers/flashc/flashc.o
 .debug_aranges
                0x00000508       0xe0 src/Asf/ASF/avr32/drivers/usbc/usbc_device.o
 .debug_aranges
                0x000005e8       0x20 src/Asf/ASF/common/services/usb/class/hid/device/udi_hid.o
 .debug_aranges
                0x00000608       0x60 src/Asf/ASF/common/services/usb/class/hid/device/generic/udi_hid_generic.o
 .debug_aranges
                0x00000668       0x68 src/Asf/ASF/common/services/usb/udc/udc.o
 .debug_aranges
                0x000006d0       0x20 src/Asf/ASF/avr32/drivers/intc/exception.o
 .debug_aranges
                0x000006f0       0x20 src/Asf/ASF/avr32/utils/startup/trampoline_uc3.o
 .debug_aranges
                0x00000710       0x28 src/Asf/ASF/avr32/utils/startup/startup_uc3.o

.debug_pubnames
                0x00000000     0x11a6
 *(.debug_pubnames)
 .debug_pubnames
                0x00000000       0x1b src/main.o
 .debug_pubnames
                0x0000001b       0x60 src/Port/Port.o
 .debug_pubnames
                0x0000007b       0x47 src/Port/Port_Lcfg.o
 .debug_pubnames
                0x000000c2       0xe3 src/Dio/Dio.o
 .debug_pubnames
                0x000001a5       0x2c src/Asf/asf.o
 .debug_pubnames
                0x000001d1       0x46 src/Asf/ASF/common/services/clock/uc3c/pll.o
 .debug_pubnames
                0x00000217       0xaf src/Asf/ASF/common/services/clock/uc3c/osc.o
 .debug_pubnames
                0x000002c6       0xbc src/Asf/ASF/common/services/clock/uc3c/sysclk.o
 .debug_pubnames
                0x00000382       0x62 src/Asf/ASF/avr32/drivers/intc/intc.o
 .debug_pubnames
                0x000003e4      0x227 src/Asf/ASF/avr32/drivers/usart/usart.o
 .debug_pubnames
                0x0000060b      0x79d src/Asf/ASF/avr32/drivers/flashc/flashc.o
 .debug_pubnames
                0x00000da8      0x1f6 src/Asf/ASF/avr32/drivers/usbc/usbc_device.o
 .debug_pubnames
                0x00000f9e       0x25 src/Asf/ASF/common/services/sleepmgr/uc3/sleepmgr.o
 .debug_pubnames
                0x00000fc3       0x24 src/Asf/ASF/common/services/usb/class/hid/device/udi_hid.o
 .debug_pubnames
                0x00000fe7       0xdd src/Asf/ASF/common/services/usb/class/hid/device/generic/udi_hid_generic.o
 .debug_pubnames
                0x000010c4       0x63 src/Asf/ASF/common/services/usb/class/hid/device/generic/udi_hid_generic_desc.o
 .debug_pubnames
                0x00001127       0x7f src/Asf/ASF/common/services/usb/udc/udc.o

.debug_info     0x00000000    0x1e2fc
 *(.debug_info .gnu.linkonce.wi.*)
 .debug_info    0x00000000     0x29ce src/main.o
 .debug_info    0x000029ce      0x8ad src/Port/Port.o
 .debug_info    0x0000327b      0x3d4 src/Port/Port_Lcfg.o
 .debug_info    0x0000364f      0x59c src/Dio/Dio.o
 .debug_info    0x00003beb     0x2920 src/Asf/asf.o
 .debug_info    0x0000650b     0x1301 src/Asf/ASF/common/services/clock/uc3c/pll.o
 .debug_info    0x0000780c     0x13ce src/Asf/ASF/common/services/clock/uc3c/osc.o
 .debug_info    0x00008bda     0x25e6 src/Asf/ASF/common/services/clock/uc3c/sysclk.o
 .debug_info    0x0000b1c0      0x830 src/Asf/ASF/avr32/drivers/intc/intc.o
 .debug_info    0x0000b9f0     0x3491 src/Asf/ASF/avr32/drivers/usart/usart.o
 .debug_info    0x0000ee81     0x20ac src/Asf/ASF/avr32/drivers/flashc/flashc.o
 .debug_info    0x00010f2d     0xb3ee src/Asf/ASF/avr32/drivers/usbc/usbc_device.o
 .debug_info    0x0001c31b       0xf5 src/Asf/ASF/common/services/sleepmgr/uc3/sleepmgr.o
 .debug_info    0x0001c410      0x3d7 src/Asf/ASF/common/services/usb/class/hid/device/udi_hid.o
 .debug_info    0x0001c7e7      0x544 src/Asf/ASF/common/services/usb/class/hid/device/generic/udi_hid_generic.o
 .debug_info    0x0001cd2b      0x6a6 src/Asf/ASF/common/services/usb/class/hid/device/generic/udi_hid_generic_desc.o
 .debug_info    0x0001d3d1      0xdac src/Asf/ASF/common/services/usb/udc/udc.o
 .debug_info    0x0001e17d       0x7e src/Asf/ASF/avr32/drivers/intc/exception.o
 .debug_info    0x0001e1fb       0x84 src/Asf/ASF/avr32/utils/startup/trampoline_uc3.o
 .debug_info    0x0001e27f       0x7d src/Asf/ASF/avr32/utils/startup/startup_uc3.o

.debug_abbrev   0x00000000     0x264b
 *(.debug_abbrev)
 .debug_abbrev  0x00000000      0x265 src/main.o
 .debug_abbrev  0x00000265       0xfc src/Port/Port.o
 .debug_abbrev  0x00000361       0xd4 src/Port/Port_Lcfg.o
 .debug_abbrev  0x00000435      0x196 src/Dio/Dio.o
 .debug_abbrev  0x000005cb      0x2b0 src/Asf/asf.o
 .debug_abbrev  0x0000087b      0x1de src/Asf/ASF/common/services/clock/uc3c/pll.o
 .debug_abbrev  0x00000a59      0x1b7 src/Asf/ASF/common/services/clock/uc3c/osc.o
 .debug_abbrev  0x00000c10      0x2ff src/Asf/ASF/common/services/clock/uc3c/sysclk.o
 .debug_abbrev  0x00000f0f      0x1f0 src/Asf/ASF/avr32/drivers/intc/intc.o
 .debug_abbrev  0x000010ff      0x343 src/Asf/ASF/avr32/drivers/usart/usart.o
 .debug_abbrev  0x00001442      0x47a src/Asf/ASF/avr32/drivers/flashc/flashc.o
 .debug_abbrev  0x000018bc      0x480 src/Asf/ASF/avr32/drivers/usbc/usbc_device.o
 .debug_abbrev  0x00001d3c       0x7b src/Asf/ASF/common/services/sleepmgr/uc3/sleepmgr.o
 .debug_abbrev  0x00001db7      0x16f src/Asf/ASF/common/services/usb/class/hid/device/udi_hid.o
 .debug_abbrev  0x00001f26      0x2b4 src/Asf/ASF/common/services/usb/class/hid/device/generic/udi_hid_generic.o
 .debug_abbrev  0x000021da      0x108 src/Asf/ASF/common/services/usb/class/hid/device/generic/udi_hid_generic_desc.o
 .debug_abbrev  0x000022e2      0x32f src/Asf/ASF/common/services/usb/udc/udc.o
 .debug_abbrev  0x00002611       0x14 src/Asf/ASF/avr32/drivers/intc/exception.o
 .debug_abbrev  0x00002625       0x14 src/Asf/ASF/avr32/utils/startup/trampoline_uc3.o
 .debug_abbrev  0x00002639       0x12 src/Asf/ASF/avr32/utils/startup/startup_uc3.o

.debug_line     0x00000000     0x583a
 *(.debug_line)
 .debug_line    0x00000000      0x29c src/main.o
 .debug_line    0x0000029c      0x252 src/Port/Port.o
 .debug_line    0x000004ee       0x69 src/Port/Port_Lcfg.o
 .debug_line    0x00000557      0x1ad src/Dio/Dio.o
 .debug_line    0x00000704      0x33d src/Asf/asf.o
 .debug_line    0x00000a41      0x287 src/Asf/ASF/common/services/clock/uc3c/pll.o
 .debug_line    0x00000cc8      0x37b src/Asf/ASF/common/services/clock/uc3c/osc.o
 .debug_line    0x00001043      0x515 src/Asf/ASF/common/services/clock/uc3c/sysclk.o
 .debug_line    0x00001558      0x236 src/Asf/ASF/avr32/drivers/intc/intc.o
 .debug_line    0x0000178e      0x9dc src/Asf/ASF/avr32/drivers/usart/usart.o
 .debug_line    0x0000216a     0x10f9 src/Asf/ASF/avr32/drivers/flashc/flashc.o
 .debug_line    0x00003263     0x1332 src/Asf/ASF/avr32/drivers/usbc/usbc_device.o
 .debug_line    0x00004595       0xf4 src/Asf/ASF/common/services/sleepmgr/uc3/sleepmgr.o
 .debug_line    0x00004689      0x284 src/Asf/ASF/common/services/usb/class/hid/device/udi_hid.o
 .debug_line    0x0000490d      0x3d1 src/Asf/ASF/common/services/usb/class/hid/device/generic/udi_hid_generic.o
 .debug_line    0x00004cde      0x202 src/Asf/ASF/common/services/usb/class/hid/device/generic/udi_hid_generic_desc.o
 .debug_line    0x00004ee0      0x6f5 src/Asf/ASF/common/services/usb/udc/udc.o
 .debug_line    0x000055d5      0x10a src/Asf/ASF/avr32/drivers/intc/exception.o
 .debug_line    0x000056df       0x68 src/Asf/ASF/avr32/utils/startup/trampoline_uc3.o
 .debug_line    0x00005747       0xf3 src/Asf/ASF/avr32/utils/startup/startup_uc3.o

.debug_frame    0x00000000     0x1188
 *(.debug_frame)
 .debug_frame   0x00000000       0x40 src/main.o
 .debug_frame   0x00000040       0x40 src/Port/Port.o
 .debug_frame   0x00000080       0x20 src/Port/Port_Lcfg.o
 .debug_frame   0x000000a0       0xa0 src/Dio/Dio.o
 .debug_frame   0x00000140       0xa4 src/Asf/asf.o
 .debug_frame   0x000001e4       0x40 src/Asf/ASF/common/services/clock/uc3c/pll.o
 .debug_frame   0x00000224       0x70 src/Asf/ASF/common/services/clock/uc3c/osc.o
 .debug_frame   0x00000294       0xcc src/Asf/ASF/common/services/clock/uc3c/sysclk.o
 .debug_frame   0x00000360       0x5c src/Asf/ASF/avr32/drivers/intc/intc.o
 .debug_frame   0x000003bc      0x25c src/Asf/ASF/avr32/drivers/usart/usart.o
 .debug_frame   0x00000618      0x6cc src/Asf/ASF/avr32/drivers/flashc/flashc.o
 .debug_frame   0x00000ce4      0x27c src/Asf/ASF/avr32/drivers/usbc/usbc_device.o
 .debug_frame   0x00000f60       0x2c src/Asf/ASF/common/services/usb/class/hid/device/udi_hid.o
 .debug_frame   0x00000f8c       0xc8 src/Asf/ASF/common/services/usb/class/hid/device/generic/udi_hid_generic.o
 .debug_frame   0x00001054      0x134 src/Asf/ASF/common/services/usb/udc/udc.o

.debug_str      0x00000000     0x7601
 *(.debug_str)
 .debug_str     0x00000000      0xa61 src/main.o
                                0xae6 (size before relaxing)
 .debug_str     0x00000a61      0xd34 src/Port/Port.o
                               0x1102 (size before relaxing)
 .debug_str     0x00001795       0x42 src/Port/Port_Lcfg.o
                                0x753 (size before relaxing)
 .debug_str     0x000017d7      0x35e src/Dio/Dio.o
                                0x75f (size before relaxing)
 .debug_str     0x00001b35      0x20c src/Asf/asf.o
                                0x933 (size before relaxing)
 .debug_str     0x00001d41      0x4e1 src/Asf/ASF/common/services/clock/uc3c/pll.o
                                0x5f3 (size before relaxing)
 .debug_str     0x00002222       0xc3 src/Asf/ASF/common/services/clock/uc3c/osc.o
                                0x64f (size before relaxing)
 .debug_str     0x000022e5      0x663 src/Asf/ASF/common/services/clock/uc3c/sysclk.o
                                0xc9f (size before relaxing)
 .debug_str     0x00002948      0x657 src/Asf/ASF/avr32/drivers/intc/intc.o
                                0x749 (size before relaxing)
 .debug_str     0x00002f9f      0x3b3 src/Asf/ASF/avr32/drivers/usart/usart.o
                                0xad5 (size before relaxing)
 .debug_str     0x00003352      0xad1 src/Asf/ASF/avr32/drivers/flashc/flashc.o
                                0xc82 (size before relaxing)
 .debug_str     0x00003e23     0x28e5 src/Asf/ASF/avr32/drivers/usbc/usbc_device.o
                               0x2fab (size before relaxing)
 .debug_str     0x00006708       0x34 src/Asf/ASF/common/services/sleepmgr/uc3/sleepmgr.o
                                0x1b0 (size before relaxing)
 .debug_str     0x0000673c      0x2d5 src/Asf/ASF/common/services/usb/class/hid/device/udi_hid.o
                                0x47f (size before relaxing)
 .debug_str     0x00006a11      0x2e4 src/Asf/ASF/common/services/usb/class/hid/device/generic/udi_hid_generic.o
                                0x534 (size before relaxing)
 .debug_str     0x00006cf5      0x3ca src/Asf/ASF/common/services/usb/class/hid/device/generic/udi_hid_generic_desc.o
                                0x656 (size before relaxing)
 .debug_str     0x000070bf      0x542 src/Asf/ASF/common/services/usb/udc/udc.o
                                0xb3f (size before relaxing)

.debug_loc      0x00000000     0x2efe
 *(.debug_loc)
 .debug_loc     0x00000000       0x95 src/main.o
 .debug_loc     0x00000095       0x3d src/Port/Port.o
 .debug_loc     0x000000d2       0xab src/Dio/Dio.o
 .debug_loc     0x0000017d      0x106 src/Asf/asf.o
 .debug_loc     0x00000283       0x39 src/Asf/ASF/common/services/clock/uc3c/pll.o
 .debug_loc     0x000002bc       0x1e src/Asf/ASF/common/services/clock/uc3c/osc.o
 .debug_loc     0x000002da      0x20b src/Asf/ASF/common/services/clock/uc3c/sysclk.o
 .debug_loc     0x000004e5       0x89 src/Asf/ASF/avr32/drivers/intc/intc.o
 .debug_loc     0x0000056e      0x926 src/Asf/ASF/avr32/drivers/usart/usart.o
 .debug_loc     0x00000e94     0x12bb src/Asf/ASF/avr32/drivers/flashc/flashc.o
 .debug_loc     0x0000214f      0x705 src/Asf/ASF/avr32/drivers/usbc/usbc_device.o
 .debug_loc     0x00002854      0x189 src/Asf/ASF/common/services/usb/class/hid/device/udi_hid.o
 .debug_loc     0x000029dd       0xf4 src/Asf/ASF/common/services/usb/class/hid/device/generic/udi_hid_generic.o
 .debug_loc     0x00002ad1      0x42d src/Asf/ASF/common/services/usb/udc/udc.o

.debug_macinfo
 *(.debug_macinfo)

.debug_weaknames
 *(.debug_weaknames)

.debug_funcnames
 *(.debug_funcnames)

.debug_typenames
 *(.debug_typenames)

.debug_varnames
 *(.debug_varnames)

.stack          0x00003000     0x1000
                0x00003000                _stack = .
 *(.stack)
                0x00001000                . = _stack_size
 *fill*         0x00003000     0x1000 00
                0x00004000                _estack = .

.userpage
 *(.userpage .userpage.*)

.factorypage
 *(.factorypage .factorypage.*)

.flashvault_flash_size
 *(.flashvault_flash_size .flashvault_flash_size.*)

.flashvault_ram_size
 *(.flashvault_ram_size .flashvault_ram_size.*)

/DISCARD/
 *(.note.GNU-stack)
OUTPUT(firmware.elf elf32-avr32)

.debug_ranges   0x00000000     0x1058
 .debug_ranges  0x00000000       0x78 src/main.o
 .debug_ranges  0x00000078       0x18 src/Port/Port.o
 .debug_ranges  0x00000090       0x18 src/Port/Port_Lcfg.o
 .debug_ranges  0x000000a8       0x78 src/Dio/Dio.o
 .debug_ranges  0x00000120       0x70 src/Asf/asf.o
 .debug_ranges  0x00000190       0x28 src/Asf/ASF/common/services/clock/uc3c/pll.o
 .debug_ranges  0x000001b8       0x40 src/Asf/ASF/common/services/clock/uc3c/osc.o
 .debug_ranges  0x000001f8      0x150 src/Asf/ASF/common/services/clock/uc3c/sysclk.o
 .debug_ranges  0x00000348       0x30 src/Asf/ASF/avr32/drivers/intc/intc.o
 .debug_ranges  0x00000378      0x218 src/Asf/ASF/avr32/drivers/usart/usart.o
 .debug_ranges  0x00000590      0x3e0 src/Asf/ASF/avr32/drivers/flashc/flashc.o
 .debug_ranges  0x00000970      0x388 src/Asf/ASF/avr32/drivers/usbc/usbc_device.o
 .debug_ranges  0x00000cf8       0x78 src/Asf/ASF/common/services/usb/class/hid/device/udi_hid.o
 .debug_ranges  0x00000d70       0x88 src/Asf/ASF/common/services/usb/class/hid/device/generic/udi_hid_generic.o
 .debug_ranges  0x00000df8      0x240 src/Asf/ASF/common/services/usb/udc/udc.o
 .debug_ranges  0x00001038       0x20 src/Asf/ASF/avr32/utils/startup/startup_uc3.o
